<?xml version="1.0" encoding="UTF-8"?>
<TestRun id="b18605fc-d158-4c3f-80b3-5fbf840afc69" name="Micah@MICAH-LAPTOP 2010-09-28 01:09:21" runUser="Micah-Laptop\Micah" xmlns="http://microsoft.com/schemas/VisualStudio/TeamTest/2010">
  <TestSettings name="Local" id="97fbee01-3cc7-4225-acb0-20ecb85d7fa7">
    <Description>These are default test settings for a local test run.</Description>
    <Deployment enabled="false" runDeploymentRoot="Micah_MICAH-LAPTOP 2010-09-28 01_09_21">
      <DeploymentItem filename="C:\code\SlimCache\source\SlimCache\bin\Debug\SlimCache.dll" />
      <DeploymentItem filename="C:\code\SlimCache\binaries\Littlefish.Core.dll" />
    </Deployment>
    <Execution>
      <TestTypeSpecific />
      <AgentRule name="Execution Agents">
      </AgentRule>
    </Execution>
  </TestSettings>
  <Times creation="2010-09-28T01:09:21.9342882-04:00" queuing="2010-09-28T01:09:22.2513063-04:00" start="2010-09-28T01:09:22.3133099-04:00" finish="2010-09-28T01:09:22.9803480-04:00" />
  <ResultSummary outcome="Completed">
    <Counters total="15" executed="15" passed="15" error="0" failed="0" timeout="0" aborted="0" inconclusive="0" passedButRunAborted="0" notRunnable="0" notExecuted="0" disconnected="0" warning="0" completed="0" inProgress="0" pending="0" />
  </ResultSummary>
  <TestDefinitions>
    <UnitTest name="WhenAnItemIsAddedToTheCache_ThenKeysContainsTheKeyName" storage="c:\code\slimcache\tests\slimcachetests\bin\debug\slimcachetests.dll" id="66f35372-84ae-6254-a195-c3b0c529c1cf">
      <Execution id="09e8646b-aa80-4960-b751-1571b47b5639" />
      <TestMethod codeBase="C:/code/SlimCache/tests/SlimCacheTests/bin/Debug/SlimCacheTests.DLL" adapterTypeName="Microsoft.VisualStudio.TestTools.TestTypes.Unit.UnitTestAdapter, Microsoft.VisualStudio.QualityTools.Tips.UnitTest.Adapter, Version=10.0.0.0, Culture=neutral, PublicKeyToken=b03f5f7f11d50a3a" className="SlimCacheTests.IsolatedStorageFileSystemCacheTests, SlimCacheTests, Version=1.0.0.0, Culture=neutral, PublicKeyToken=null" name="WhenAnItemIsAddedToTheCache_ThenKeysContainsTheKeyName" />
    </UnitTest>
    <UnitTest name="WhenDirectoryIsCreated_ThenDirectoryExistsIsTrue" storage="c:\code\slimcache\tests\slimcachetests\bin\debug\slimcachetests.dll" id="2b8e64df-76e9-34c4-b2e8-d426f8e1c22e">
      <Execution id="001aba16-4e26-4359-a2cb-dbc2a1e06bfa" />
      <TestMethod codeBase="C:/code/SlimCache/tests/SlimCacheTests/bin/Debug/SlimCacheTests.DLL" adapterTypeName="Microsoft.VisualStudio.TestTools.TestTypes.Unit.UnitTestAdapter, Microsoft.VisualStudio.QualityTools.Tips.UnitTest.Adapter, Version=10.0.0.0, Culture=neutral, PublicKeyToken=b03f5f7f11d50a3a" className="SlimCacheTests.IsolatedStoreFileSystemTests, SlimCacheTests, Version=1.0.0.0, Culture=neutral, PublicKeyToken=null" name="WhenDirectoryIsCreated_ThenDirectoryExistsIsTrue" />
    </UnitTest>
    <UnitTest name="WhenItemHasNoExpiration_ThenTheItemIsReturn" storage="c:\code\slimcache\tests\slimcachetests\bin\debug\slimcachetests.dll" id="cf0db464-9239-593d-0adc-85234d1ad4f5">
      <Execution id="54dce2b9-0094-4d82-99ae-abf95ceefab1" />
      <TestMethod codeBase="C:/code/SlimCache/tests/SlimCacheTests/bin/Debug/SlimCacheTests.DLL" adapterTypeName="Microsoft.VisualStudio.TestTools.TestTypes.Unit.UnitTestAdapter, Microsoft.VisualStudio.QualityTools.Tips.UnitTest.Adapter, Version=10.0.0.0, Culture=neutral, PublicKeyToken=b03f5f7f11d50a3a" className="SlimCacheTests.StandardFileSystemCacheTests, SlimCacheTests, Version=1.0.0.0, Culture=neutral, PublicKeyToken=null" name="WhenItemHasNoExpiration_ThenTheItemIsReturn" />
    </UnitTest>
    <UnitTest name="WhenAnItemIsAddedToTheCache_ThenTheSameItemCanBeRetrieved" storage="c:\code\slimcache\tests\slimcachetests\bin\debug\slimcachetests.dll" id="d14f7f90-40f5-2944-d9a5-42c5cd6cc068">
      <Execution id="a9cfbbce-9ca8-40c8-9a41-c1c13af179b3" />
      <TestMethod codeBase="C:/code/SlimCache/tests/SlimCacheTests/bin/Debug/SlimCacheTests.DLL" adapterTypeName="Microsoft.VisualStudio.TestTools.TestTypes.Unit.UnitTestAdapter, Microsoft.VisualStudio.QualityTools.Tips.UnitTest.Adapter, Version=10.0.0.0, Culture=neutral, PublicKeyToken=b03f5f7f11d50a3a" className="SlimCacheTests.IsolatedStorageFileSystemCacheTests, SlimCacheTests, Version=1.0.0.0, Culture=neutral, PublicKeyToken=null" name="WhenAnItemIsAddedToTheCache_ThenTheSameItemCanBeRetrieved" />
    </UnitTest>
    <UnitTest name="WhenAnItemIsClearedFromTheCache_ThenExistsIsFalse" storage="c:\code\slimcache\tests\slimcachetests\bin\debug\slimcachetests.dll" id="5ec86f28-4b4d-694f-8226-ee35f3578d92">
      <Execution id="5d7dcc6c-8ae1-40b7-bb1d-d32a78776886" />
      <TestMethod codeBase="C:/code/SlimCache/tests/SlimCacheTests/bin/Debug/SlimCacheTests.DLL" adapterTypeName="Microsoft.VisualStudio.TestTools.TestTypes.Unit.UnitTestAdapter, Microsoft.VisualStudio.QualityTools.Tips.UnitTest.Adapter, Version=10.0.0.0, Culture=neutral, PublicKeyToken=b03f5f7f11d50a3a" className="SlimCacheTests.IsolatedStorageFileSystemCacheTests, SlimCacheTests, Version=1.0.0.0, Culture=neutral, PublicKeyToken=null" name="WhenAnItemIsClearedFromTheCache_ThenExistsIsFalse" />
    </UnitTest>
    <UnitTest name="WhenCacheIsCleanUp_ThenTheCorrectAmountOfSpaceIsFreed" storage="c:\code\slimcache\tests\slimcachetests\bin\debug\slimcachetests.dll" id="0a91a687-b38a-e58e-24df-14113fadf83b">
      <Execution id="adf2eaa7-5f35-4cd8-ad81-668ba2ee4b60" />
      <TestMethod codeBase="C:/code/SlimCache/tests/SlimCacheTests/bin/Debug/SlimCacheTests.DLL" adapterTypeName="Microsoft.VisualStudio.TestTools.TestTypes.Unit.UnitTestAdapter, Microsoft.VisualStudio.QualityTools.Tips.UnitTest.Adapter, Version=10.0.0.0, Culture=neutral, PublicKeyToken=b03f5f7f11d50a3a" className="SlimCacheTests.LRUFileCacheCleanerTests, SlimCacheTests, Version=1.0.0.0, Culture=neutral, PublicKeyToken=null" name="WhenCacheIsCleanUp_ThenTheCorrectAmountOfSpaceIsFreed" />
    </UnitTest>
    <UnitTest name="WhenAnItemIsAddedToTheCache_ThenExistsIsTrue" storage="c:\code\slimcache\tests\slimcachetests\bin\debug\slimcachetests.dll" id="24305d60-3f8f-d2c3-edb4-87cfd74d22d6">
      <Execution id="b76f0483-8e0c-421b-9f9e-6059266c0ec2" />
      <TestMethod codeBase="C:/code/SlimCache/tests/SlimCacheTests/bin/Debug/SlimCacheTests.DLL" adapterTypeName="Microsoft.VisualStudio.TestTools.TestTypes.Unit.UnitTestAdapter, Microsoft.VisualStudio.QualityTools.Tips.UnitTest.Adapter, Version=10.0.0.0, Culture=neutral, PublicKeyToken=b03f5f7f11d50a3a" className="SlimCacheTests.IsolatedStorageFileSystemCacheTests, SlimCacheTests, Version=1.0.0.0, Culture=neutral, PublicKeyToken=null" name="WhenAnItemIsAddedToTheCache_ThenExistsIsTrue" />
    </UnitTest>
    <UnitTest name="WhenCacheIsCleanedUp_ThenFilesAreRemoved" storage="c:\code\slimcache\tests\slimcachetests\bin\debug\slimcachetests.dll" id="25f2c2c6-627d-c6b8-e6b0-ba4e1aac2ebc">
      <Execution id="a347cef3-49c6-449d-8474-bb50e978f1fa" />
      <TestMethod codeBase="C:/code/SlimCache/tests/SlimCacheTests/bin/Debug/SlimCacheTests.DLL" adapterTypeName="Microsoft.VisualStudio.TestTools.TestTypes.Unit.UnitTestAdapter, Microsoft.VisualStudio.QualityTools.Tips.UnitTest.Adapter, Version=10.0.0.0, Culture=neutral, PublicKeyToken=b03f5f7f11d50a3a" className="SlimCacheTests.LRUFileCacheCleanerTests, SlimCacheTests, Version=1.0.0.0, Culture=neutral, PublicKeyToken=null" name="WhenCacheIsCleanedUp_ThenFilesAreRemoved" />
    </UnitTest>
    <UnitTest name="WhenAnItemIsAddedToTheCache_ThenTheSameItemCanBeRetrieved" storage="c:\code\slimcache\tests\slimcachetests\bin\debug\slimcachetests.dll" id="26cd6013-c040-7596-8f47-718d777f2992">
      <Execution id="78b3831b-7631-46e3-98b2-6a3f04b0ba24" />
      <TestMethod codeBase="C:/code/SlimCache/tests/SlimCacheTests/bin/Debug/SlimCacheTests.DLL" adapterTypeName="Microsoft.VisualStudio.TestTools.TestTypes.Unit.UnitTestAdapter, Microsoft.VisualStudio.QualityTools.Tips.UnitTest.Adapter, Version=10.0.0.0, Culture=neutral, PublicKeyToken=b03f5f7f11d50a3a" className="SlimCacheTests.StandardFileSystemCacheTests, SlimCacheTests, Version=1.0.0.0, Culture=neutral, PublicKeyToken=null" name="WhenAnItemIsAddedToTheCache_ThenTheSameItemCanBeRetrieved" />
    </UnitTest>
    <UnitTest name="WhenItemIsExpired_ThenNullIsReturned" storage="c:\code\slimcache\tests\slimcachetests\bin\debug\slimcachetests.dll" id="f5ebf379-a791-fce7-78df-e09d19c2efe1">
      <Execution id="47fb59d0-d99f-44f5-8d5e-a968d62d4a14" />
      <TestMethod codeBase="C:/code/SlimCache/tests/SlimCacheTests/bin/Debug/SlimCacheTests.DLL" adapterTypeName="Microsoft.VisualStudio.TestTools.TestTypes.Unit.UnitTestAdapter, Microsoft.VisualStudio.QualityTools.Tips.UnitTest.Adapter, Version=10.0.0.0, Culture=neutral, PublicKeyToken=b03f5f7f11d50a3a" className="SlimCacheTests.StandardFileSystemCacheTests, SlimCacheTests, Version=1.0.0.0, Culture=neutral, PublicKeyToken=null" name="WhenItemIsExpired_ThenNullIsReturned" />
    </UnitTest>
    <UnitTest name="WhenAnItemIsClearedFromTheCache_ThenExistsIsFalse" storage="c:\code\slimcache\tests\slimcachetests\bin\debug\slimcachetests.dll" id="9dbbc310-4715-1fc3-9782-b5caa3b9e6f2">
      <Execution id="e39d0eaf-1d53-4f84-b80f-f63389993ce9" />
      <TestMethod codeBase="C:/code/SlimCache/tests/SlimCacheTests/bin/Debug/SlimCacheTests.DLL" adapterTypeName="Microsoft.VisualStudio.TestTools.TestTypes.Unit.UnitTestAdapter, Microsoft.VisualStudio.QualityTools.Tips.UnitTest.Adapter, Version=10.0.0.0, Culture=neutral, PublicKeyToken=b03f5f7f11d50a3a" className="SlimCacheTests.StandardFileSystemCacheTests, SlimCacheTests, Version=1.0.0.0, Culture=neutral, PublicKeyToken=null" name="WhenAnItemIsClearedFromTheCache_ThenExistsIsFalse" />
    </UnitTest>
    <UnitTest name="WhenAnItemIsAddedToTheCache_ThenKeysContainsTheKeyName" storage="c:\code\slimcache\tests\slimcachetests\bin\debug\slimcachetests.dll" id="b5e53460-712d-2fbb-2767-ec1724eaf168">
      <Execution id="4318a24b-3a06-488f-bda4-a190eea46f85" />
      <TestMethod codeBase="C:/code/SlimCache/tests/SlimCacheTests/bin/Debug/SlimCacheTests.DLL" adapterTypeName="Microsoft.VisualStudio.TestTools.TestTypes.Unit.UnitTestAdapter, Microsoft.VisualStudio.QualityTools.Tips.UnitTest.Adapter, Version=10.0.0.0, Culture=neutral, PublicKeyToken=b03f5f7f11d50a3a" className="SlimCacheTests.StandardFileSystemCacheTests, SlimCacheTests, Version=1.0.0.0, Culture=neutral, PublicKeyToken=null" name="WhenAnItemIsAddedToTheCache_ThenKeysContainsTheKeyName" />
    </UnitTest>
    <UnitTest name="WhenSubDirectoriesAreCreated_ThenDirectoryExistsIsTrue" storage="c:\code\slimcache\tests\slimcachetests\bin\debug\slimcachetests.dll" id="aadb9887-739c-00ce-e270-8916db2b0bcd">
      <Execution id="eee4e7a7-47d6-4f37-9fa9-3daeda0e77b4" />
      <TestMethod codeBase="C:/code/SlimCache/tests/SlimCacheTests/bin/Debug/SlimCacheTests.DLL" adapterTypeName="Microsoft.VisualStudio.TestTools.TestTypes.Unit.UnitTestAdapter, Microsoft.VisualStudio.QualityTools.Tips.UnitTest.Adapter, Version=10.0.0.0, Culture=neutral, PublicKeyToken=b03f5f7f11d50a3a" className="SlimCacheTests.IsolatedStoreFileSystemTests, SlimCacheTests, Version=1.0.0.0, Culture=neutral, PublicKeyToken=null" name="WhenSubDirectoriesAreCreated_ThenDirectoryExistsIsTrue" />
    </UnitTest>
    <UnitTest name="WhenAnItemIsAddedToTheCache_ThenExistsIsTrue" storage="c:\code\slimcache\tests\slimcachetests\bin\debug\slimcachetests.dll" id="0dffb19b-7729-62ff-864c-5e285d96b93e">
      <Execution id="bcfcf12e-0d94-4f69-a426-c3665f9f3ac0" />
      <TestMethod codeBase="C:/code/SlimCache/tests/SlimCacheTests/bin/Debug/SlimCacheTests.DLL" adapterTypeName="Microsoft.VisualStudio.TestTools.TestTypes.Unit.UnitTestAdapter, Microsoft.VisualStudio.QualityTools.Tips.UnitTest.Adapter, Version=10.0.0.0, Culture=neutral, PublicKeyToken=b03f5f7f11d50a3a" className="SlimCacheTests.StandardFileSystemCacheTests, SlimCacheTests, Version=1.0.0.0, Culture=neutral, PublicKeyToken=null" name="WhenAnItemIsAddedToTheCache_ThenExistsIsTrue" />
    </UnitTest>
    <UnitTest name="test" storage="c:\code\slimcache\tests\slimcachetests\bin\debug\slimcachetests.dll" id="7ba3121d-b7a3-da1f-7cb1-3f392b4e1828">
      <Execution id="cc6a84f4-4836-4ddc-9246-2b8d85a810a3" />
      <TestMethod codeBase="C:/code/SlimCache/tests/SlimCacheTests/bin/Debug/SlimCacheTests.DLL" adapterTypeName="Microsoft.VisualStudio.TestTools.TestTypes.Unit.UnitTestAdapter, Microsoft.VisualStudio.QualityTools.Tips.UnitTest.Adapter, Version=10.0.0.0, Culture=neutral, PublicKeyToken=b03f5f7f11d50a3a" className="SlimCacheTests.IsolatedStoreFileSystemTests, SlimCacheTests, Version=1.0.0.0, Culture=neutral, PublicKeyToken=null" name="test" />
    </UnitTest>
  </TestDefinitions>
  <TestLists>
    <TestList name="Results Not in a List" id="8c84fa94-04c1-424b-9868-57a2d4851a1d" />
    <TestList name="All Loaded Results" id="19431567-8539-422a-85d7-44ee4e166bda" />
  </TestLists>
  <TestEntries>
    <TestEntry testId="0a91a687-b38a-e58e-24df-14113fadf83b" executionId="adf2eaa7-5f35-4cd8-ad81-668ba2ee4b60" testListId="8c84fa94-04c1-424b-9868-57a2d4851a1d" />
    <TestEntry testId="0dffb19b-7729-62ff-864c-5e285d96b93e" executionId="bcfcf12e-0d94-4f69-a426-c3665f9f3ac0" testListId="8c84fa94-04c1-424b-9868-57a2d4851a1d" />
    <TestEntry testId="24305d60-3f8f-d2c3-edb4-87cfd74d22d6" executionId="b76f0483-8e0c-421b-9f9e-6059266c0ec2" testListId="8c84fa94-04c1-424b-9868-57a2d4851a1d" />
    <TestEntry testId="25f2c2c6-627d-c6b8-e6b0-ba4e1aac2ebc" executionId="a347cef3-49c6-449d-8474-bb50e978f1fa" testListId="8c84fa94-04c1-424b-9868-57a2d4851a1d" />
    <TestEntry testId="26cd6013-c040-7596-8f47-718d777f2992" executionId="78b3831b-7631-46e3-98b2-6a3f04b0ba24" testListId="8c84fa94-04c1-424b-9868-57a2d4851a1d" />
    <TestEntry testId="2b8e64df-76e9-34c4-b2e8-d426f8e1c22e" executionId="001aba16-4e26-4359-a2cb-dbc2a1e06bfa" testListId="8c84fa94-04c1-424b-9868-57a2d4851a1d" />
    <TestEntry testId="5ec86f28-4b4d-694f-8226-ee35f3578d92" executionId="5d7dcc6c-8ae1-40b7-bb1d-d32a78776886" testListId="8c84fa94-04c1-424b-9868-57a2d4851a1d" />
    <TestEntry testId="66f35372-84ae-6254-a195-c3b0c529c1cf" executionId="09e8646b-aa80-4960-b751-1571b47b5639" testListId="8c84fa94-04c1-424b-9868-57a2d4851a1d" />
    <TestEntry testId="7ba3121d-b7a3-da1f-7cb1-3f392b4e1828" executionId="cc6a84f4-4836-4ddc-9246-2b8d85a810a3" testListId="8c84fa94-04c1-424b-9868-57a2d4851a1d" />
    <TestEntry testId="9dbbc310-4715-1fc3-9782-b5caa3b9e6f2" executionId="e39d0eaf-1d53-4f84-b80f-f63389993ce9" testListId="8c84fa94-04c1-424b-9868-57a2d4851a1d" />
    <TestEntry testId="aadb9887-739c-00ce-e270-8916db2b0bcd" executionId="eee4e7a7-47d6-4f37-9fa9-3daeda0e77b4" testListId="8c84fa94-04c1-424b-9868-57a2d4851a1d" />
    <TestEntry testId="b5e53460-712d-2fbb-2767-ec1724eaf168" executionId="4318a24b-3a06-488f-bda4-a190eea46f85" testListId="8c84fa94-04c1-424b-9868-57a2d4851a1d" />
    <TestEntry testId="cf0db464-9239-593d-0adc-85234d1ad4f5" executionId="54dce2b9-0094-4d82-99ae-abf95ceefab1" testListId="8c84fa94-04c1-424b-9868-57a2d4851a1d" />
    <TestEntry testId="d14f7f90-40f5-2944-d9a5-42c5cd6cc068" executionId="a9cfbbce-9ca8-40c8-9a41-c1c13af179b3" testListId="8c84fa94-04c1-424b-9868-57a2d4851a1d" />
    <TestEntry testId="f5ebf379-a791-fce7-78df-e09d19c2efe1" executionId="47fb59d0-d99f-44f5-8d5e-a968d62d4a14" testListId="8c84fa94-04c1-424b-9868-57a2d4851a1d" />
  </TestEntries>
  <Results>
    <UnitTestResult executionId="adf2eaa7-5f35-4cd8-ad81-668ba2ee4b60" testId="0a91a687-b38a-e58e-24df-14113fadf83b" testName="WhenCacheIsCleanUp_ThenTheCorrectAmountOfSpaceIsFreed" computerName="MICAH-LAPTOP" duration="00:00:00.0560131" startTime="2010-09-28T01:09:22.3893142-04:00" endTime="2010-09-28T01:09:22.7663358-04:00" testType="13cdc9d9-ddb5-4fa4-a97d-d965ccfc6d4b" outcome="Passed" testListId="8c84fa94-04c1-424b-9868-57a2d4851a1d" relativeResultsDirectory="adf2eaa7-5f35-4cd8-ad81-668ba2ee4b60">
    </UnitTestResult>
    <UnitTestResult executionId="bcfcf12e-0d94-4f69-a426-c3665f9f3ac0" testId="0dffb19b-7729-62ff-864c-5e285d96b93e" testName="WhenAnItemIsAddedToTheCache_ThenExistsIsTrue" computerName="MICAH-LAPTOP" duration="00:00:00.0035043" startTime="2010-09-28T01:09:22.7693359-04:00" endTime="2010-09-28T01:09:22.7773364-04:00" testType="13cdc9d9-ddb5-4fa4-a97d-d965ccfc6d4b" outcome="Passed" testListId="8c84fa94-04c1-424b-9868-57a2d4851a1d" relativeResultsDirectory="bcfcf12e-0d94-4f69-a426-c3665f9f3ac0">
    </UnitTestResult>
    <UnitTestResult executionId="b76f0483-8e0c-421b-9f9e-6059266c0ec2" testId="24305d60-3f8f-d2c3-edb4-87cfd74d22d6" testName="WhenAnItemIsAddedToTheCache_ThenExistsIsTrue" computerName="MICAH-LAPTOP" duration="00:00:00.0034987" startTime="2010-09-28T01:09:22.7783364-04:00" endTime="2010-09-28T01:09:22.7873370-04:00" testType="13cdc9d9-ddb5-4fa4-a97d-d965ccfc6d4b" outcome="Passed" testListId="8c84fa94-04c1-424b-9868-57a2d4851a1d" relativeResultsDirectory="b76f0483-8e0c-421b-9f9e-6059266c0ec2">
    </UnitTestResult>
    <UnitTestResult executionId="a347cef3-49c6-449d-8474-bb50e978f1fa" testId="25f2c2c6-627d-c6b8-e6b0-ba4e1aac2ebc" testName="WhenCacheIsCleanedUp_ThenFilesAreRemoved" computerName="MICAH-LAPTOP" duration="00:00:00.0075964" startTime="2010-09-28T01:09:22.7883370-04:00" endTime="2010-09-28T01:09:22.8003377-04:00" testType="13cdc9d9-ddb5-4fa4-a97d-d965ccfc6d4b" outcome="Passed" testListId="8c84fa94-04c1-424b-9868-57a2d4851a1d" relativeResultsDirectory="a347cef3-49c6-449d-8474-bb50e978f1fa">
    </UnitTestResult>
    <UnitTestResult executionId="78b3831b-7631-46e3-98b2-6a3f04b0ba24" testId="26cd6013-c040-7596-8f47-718d777f2992" testName="WhenAnItemIsAddedToTheCache_ThenTheSameItemCanBeRetrieved" computerName="MICAH-LAPTOP" duration="00:00:00.0095151" startTime="2010-09-28T01:09:22.8013378-04:00" endTime="2010-09-28T01:09:22.8163386-04:00" testType="13cdc9d9-ddb5-4fa4-a97d-d965ccfc6d4b" outcome="Passed" testListId="8c84fa94-04c1-424b-9868-57a2d4851a1d" relativeResultsDirectory="78b3831b-7631-46e3-98b2-6a3f04b0ba24">
    </UnitTestResult>
    <UnitTestResult executionId="001aba16-4e26-4359-a2cb-dbc2a1e06bfa" testId="2b8e64df-76e9-34c4-b2e8-d426f8e1c22e" testName="WhenDirectoryIsCreated_ThenDirectoryExistsIsTrue" computerName="MICAH-LAPTOP" duration="00:00:00.0017348" startTime="2010-09-28T01:09:22.8173387-04:00" endTime="2010-09-28T01:09:22.8233390-04:00" testType="13cdc9d9-ddb5-4fa4-a97d-d965ccfc6d4b" outcome="Passed" testListId="8c84fa94-04c1-424b-9868-57a2d4851a1d" relativeResultsDirectory="001aba16-4e26-4359-a2cb-dbc2a1e06bfa">
    </UnitTestResult>
    <UnitTestResult executionId="5d7dcc6c-8ae1-40b7-bb1d-d32a78776886" testId="5ec86f28-4b4d-694f-8226-ee35f3578d92" testName="WhenAnItemIsClearedFromTheCache_ThenExistsIsFalse" computerName="MICAH-LAPTOP" duration="00:00:00.0031643" startTime="2010-09-28T01:09:22.8243391-04:00" endTime="2010-09-28T01:09:22.8333396-04:00" testType="13cdc9d9-ddb5-4fa4-a97d-d965ccfc6d4b" outcome="Passed" testListId="8c84fa94-04c1-424b-9868-57a2d4851a1d" relativeResultsDirectory="5d7dcc6c-8ae1-40b7-bb1d-d32a78776886">
    </UnitTestResult>
    <UnitTestResult executionId="09e8646b-aa80-4960-b751-1571b47b5639" testId="66f35372-84ae-6254-a195-c3b0c529c1cf" testName="WhenAnItemIsAddedToTheCache_ThenKeysContainsTheKeyName" computerName="MICAH-LAPTOP" duration="00:00:00.0026270" startTime="2010-09-28T01:09:22.8343397-04:00" endTime="2010-09-28T01:09:22.8463403-04:00" testType="13cdc9d9-ddb5-4fa4-a97d-d965ccfc6d4b" outcome="Passed" testListId="8c84fa94-04c1-424b-9868-57a2d4851a1d" relativeResultsDirectory="09e8646b-aa80-4960-b751-1571b47b5639">
    </UnitTestResult>
    <UnitTestResult executionId="cc6a84f4-4836-4ddc-9246-2b8d85a810a3" testId="7ba3121d-b7a3-da1f-7cb1-3f392b4e1828" testName="test" computerName="MICAH-LAPTOP" duration="00:00:00.0068735" startTime="2010-09-28T01:09:22.8473404-04:00" endTime="2010-09-28T01:09:22.8583410-04:00" testType="13cdc9d9-ddb5-4fa4-a97d-d965ccfc6d4b" outcome="Passed" testListId="8c84fa94-04c1-424b-9868-57a2d4851a1d" relativeResultsDirectory="cc6a84f4-4836-4ddc-9246-2b8d85a810a3">
    </UnitTestResult>
    <UnitTestResult executionId="e39d0eaf-1d53-4f84-b80f-f63389993ce9" testId="9dbbc310-4715-1fc3-9782-b5caa3b9e6f2" testName="WhenAnItemIsClearedFromTheCache_ThenExistsIsFalse" computerName="MICAH-LAPTOP" duration="00:00:00.0018550" startTime="2010-09-28T01:09:22.8593411-04:00" endTime="2010-09-28T01:09:22.8663415-04:00" testType="13cdc9d9-ddb5-4fa4-a97d-d965ccfc6d4b" outcome="Passed" testListId="8c84fa94-04c1-424b-9868-57a2d4851a1d" relativeResultsDirectory="e39d0eaf-1d53-4f84-b80f-f63389993ce9">
    </UnitTestResult>
    <UnitTestResult executionId="eee4e7a7-47d6-4f37-9fa9-3daeda0e77b4" testId="aadb9887-739c-00ce-e270-8916db2b0bcd" testName="WhenSubDirectoriesAreCreated_ThenDirectoryExistsIsTrue" computerName="MICAH-LAPTOP" duration="00:00:00.0025950" startTime="2010-09-28T01:09:22.8673415-04:00" endTime="2010-09-28T01:09:22.8743419-04:00" testType="13cdc9d9-ddb5-4fa4-a97d-d965ccfc6d4b" outcome="Passed" testListId="8c84fa94-04c1-424b-9868-57a2d4851a1d" relativeResultsDirectory="eee4e7a7-47d6-4f37-9fa9-3daeda0e77b4">
    </UnitTestResult>
    <UnitTestResult executionId="4318a24b-3a06-488f-bda4-a190eea46f85" testId="b5e53460-712d-2fbb-2767-ec1724eaf168" testName="WhenAnItemIsAddedToTheCache_ThenKeysContainsTheKeyName" computerName="MICAH-LAPTOP" duration="00:00:00.0017917" startTime="2010-09-28T01:09:22.8753420-04:00" endTime="2010-09-28T01:09:22.8813423-04:00" testType="13cdc9d9-ddb5-4fa4-a97d-d965ccfc6d4b" outcome="Passed" testListId="8c84fa94-04c1-424b-9868-57a2d4851a1d" relativeResultsDirectory="4318a24b-3a06-488f-bda4-a190eea46f85">
    </UnitTestResult>
    <UnitTestResult executionId="54dce2b9-0094-4d82-99ae-abf95ceefab1" testId="cf0db464-9239-593d-0adc-85234d1ad4f5" testName="WhenItemHasNoExpiration_ThenTheItemIsReturn" computerName="MICAH-LAPTOP" duration="00:00:00.0016830" startTime="2010-09-28T01:09:22.8823424-04:00" endTime="2010-09-28T01:09:22.8883427-04:00" testType="13cdc9d9-ddb5-4fa4-a97d-d965ccfc6d4b" outcome="Passed" testListId="8c84fa94-04c1-424b-9868-57a2d4851a1d" relativeResultsDirectory="54dce2b9-0094-4d82-99ae-abf95ceefab1">
    </UnitTestResult>
    <UnitTestResult executionId="a9cfbbce-9ca8-40c8-9a41-c1c13af179b3" testId="d14f7f90-40f5-2944-d9a5-42c5cd6cc068" testName="WhenAnItemIsAddedToTheCache_ThenTheSameItemCanBeRetrieved" computerName="MICAH-LAPTOP" duration="00:00:00.0056357" startTime="2010-09-28T01:09:22.8893428-04:00" endTime="2010-09-28T01:09:22.8993434-04:00" testType="13cdc9d9-ddb5-4fa4-a97d-d965ccfc6d4b" outcome="Passed" testListId="8c84fa94-04c1-424b-9868-57a2d4851a1d" relativeResultsDirectory="a9cfbbce-9ca8-40c8-9a41-c1c13af179b3">
    </UnitTestResult>
    <UnitTestResult executionId="47fb59d0-d99f-44f5-8d5e-a968d62d4a14" testId="f5ebf379-a791-fce7-78df-e09d19c2efe1" testName="WhenItemIsExpired_ThenNullIsReturned" computerName="MICAH-LAPTOP" duration="00:00:00.0016843" startTime="2010-09-28T01:09:22.9003434-04:00" endTime="2010-09-28T01:09:22.9063438-04:00" testType="13cdc9d9-ddb5-4fa4-a97d-d965ccfc6d4b" outcome="Passed" testListId="8c84fa94-04c1-424b-9868-57a2d4851a1d" relativeResultsDirectory="47fb59d0-d99f-44f5-8d5e-a968d62d4a14">
    </UnitTestResult>
  </Results>
</TestRun>